

================================================================
== Vivado HLS Report for 'amc_accel'
================================================================
* Date:           Fri Aug  7 18:24:24 2026

* Version:        2018.3 (Build 2405991 on Thu Dec 06 23:56:15 MST 2018)
* Project:        amc_zynq7010_hls
* Solution:       solution1
* Product family: zynq
* Target device:  xc7z010clg400-1


================================================================
== Performance Estimates
================================================================
+ Timing (ns): 
    * Summary: 
    +--------+-------+----------+------------+
    |  Clock | Target| Estimated| Uncertainty|
    +--------+-------+----------+------------+
    |ap_clk  |  10.00|     8.541|        1.25|
    +--------+-------+----------+------------+

+ Latency (clock cycles): 
    * Summary: 
    +--------+--------+--------+--------+---------+
    |     Latency     |     Interval    | Pipeline|
    |   min  |   max  |   min  |   max  |   Type  |
    +--------+--------+--------+--------+---------+
    |  229870|  229870|  229870|  229870|   none  |
    +--------+--------+--------+--------+---------+

    + Detail: 
        * Instance: 
        N/A

        * Loop: 
        +--------------------------+--------+--------+----------+-----------+-----------+------+----------+
        |                          |     Latency     | Iteration|  Initiation Interval  | Trip |          |
        |         Loop Name        |   min  |   max  |  Latency |  achieved |   target  | Count| Pipelined|
        +--------------------------+--------+--------+----------+-----------+-----------+------+----------+
        |- read_input              |     128|     128|         1|          1|          1|   128|    yes   |
        |- conv1_out_L             |   45056|   45056|        22|          -|          -|  2048|    no    |
        | + conv1_reduce_L         |      16|      16|         4|          1|          1|    14|    yes   |
        |- pool1_out_L             |    2050|    2050|         5|          2|          1|  1024|    yes   |
        |- conv2_out_L             |  180224|  180224|        88|          -|          -|  2048|    no    |
        | + conv2_reduce_L         |      82|      82|         4|          1|          1|    80|    yes   |
        |- global_average_pool     |    2176|    2176|        68|          -|          -|    32|    no    |
        | + global_average_pool.1  |      64|      64|         2|          1|          1|    64|    yes   |
        |- fully_connected         |     228|     228|        38|          -|          -|     6|    no    |
        | + fully_connected.1      |      33|      33|         3|          1|          1|    32|    yes   |
        +--------------------------+--------+--------+----------+-----------+-----------+------+----------+



================================================================
== Utilization Estimates
================================================================
* Summary: 
+-----------------+---------+-------+-------+-------+
|       Name      | BRAM_18K| DSP48E|   FF  |  LUT  |
+-----------------+---------+-------+-------+-------+
|DSP              |        -|      3|      -|      -|
|Expression       |        -|      4|      0|   1372|
|FIFO             |        -|      -|      -|      -|
|Instance         |        -|      -|      0|    145|
|Memory           |        9|      -|     32|     10|
|Multiplexer      |        -|      -|      -|    693|
|Register         |        0|      -|   1228|     64|
+-----------------+---------+-------+-------+-------+
|Total            |        9|      7|   1260|   2284|
+-----------------+---------+-------+-------+-------+
|Available        |      120|     80|  35200|  17600|
+-----------------+---------+-------+-------+-------+
|Utilization (%)  |        7|      8|      3|     12|
+-----------------+---------+-------+-------+-------+

+ Detail: 
    * Instance: 
    +-------------------------+----------------------+---------+-------+---+-----+
    |         Instance        |        Module        | BRAM_18K| DSP48E| FF| LUT |
    +-------------------------+----------------------+---------+-------+---+-----+
    |amc_accel_mux_325bkb_U1  |amc_accel_mux_325bkb  |        0|      0|  0|  145|
    +-------------------------+----------------------+---------+-------+---+-----+
    |Total                    |                      |        0|      0|  0|  145|
    +-------------------------+----------------------+---------+-------+---+-----+

    * DSP48: 
    +-------------------------+----------------------+--------------+
    |         Instance        |        Module        |  Expression  |
    +-------------------------+----------------------+--------------+
    |amc_accel_mac_mulcud_U2  |amc_accel_mac_mulcud  | i0 + i1 * i2 |
    |amc_accel_mac_mulcud_U3  |amc_accel_mac_mulcud  | i0 + i1 * i2 |
    |amc_accel_mac_muldEe_U4  |amc_accel_mac_muldEe  | i0 + i1 * i2 |
    +-------------------------+----------------------+--------------+

    * Memory: 
    +-------------+---------------------+---------+----+----+------+-----+------+-------------+
    |    Memory   |        Module       | BRAM_18K| FF | LUT| Words| Bits| Banks| W*Bits*Banks|
    +-------------+---------------------+---------+----+----+------+-----+------+-------------+
    |B1_V_U       |amc_accel_B1_V       |        0|  14|   4|    16|   14|     1|          224|
    |B2_V_U       |amc_accel_B2_V       |        0|  10|   5|    32|   10|     1|          320|
    |B3_V_U       |amc_accel_B3_V       |        0|   8|   1|     6|    8|     1|           48|
    |W1_V_U       |amc_accel_W1_V       |        1|   0|   0|   224|    8|     1|         1792|
    |W2_V_U       |amc_accel_W2_V       |        2|   0|   0|  2560|    8|     1|        20480|
    |W3_V_U       |amc_accel_W3_V       |        1|   0|   0|   192|    8|     1|         1536|
    |conv1_V_U    |amc_accel_conv1_V    |        1|   0|   0|  2048|    8|     1|        16384|
    |conv2_V_U    |amc_accel_conv2_V    |        1|   0|   0|  2048|    8|     1|        16384|
    |input_0_V_U  |amc_accel_input_0_V  |        1|   0|   0|   128|    8|     1|         1024|
    |input_1_V_U  |amc_accel_input_0_V  |        1|   0|   0|   128|    8|     1|         1024|
    |pool1_V_U    |amc_accel_pool1_V    |        1|   0|   0|  1024|    8|     1|         8192|
    +-------------+---------------------+---------+----+----+------+-----+------+-------------+
    |Total        |                     |        9|  32|  10|  8406|   96|    11|        67408|
    +-------------+---------------------+---------+----+----+------+-----+------+-------------+

    * FIFO: 
    N/A

    * Expression: 
    +----------------------------------+----------+-------+---+----+------------+------------+
    |           Variable Name          | Operation| DSP48E| FF| LUT| Bitwidth P0| Bitwidth P1|
    +----------------------------------+----------+-------+---+----+------------+------------+
    |product_V_2_fu_1743_p2            |     *    |      2|  0|  20|          18|          32|
    |product_V_fu_1247_p2              |     *    |      2|  0|  20|          16|          32|
    |c_1_fu_1354_p2                    |     +    |      0|  0|  15|           1|           5|
    |c_2_fu_1844_p2                    |     +    |      0|  0|  15|           6|           1|
    |c_3_fu_2155_p2                    |     +    |      0|  0|  15|           6|           1|
    |cls_1_fu_2122_p2                  |     +    |      0|  0|  12|           3|           1|
    |ic_1_fu_1074_p2                   |     +    |      0|  0|  10|           1|           2|
    |ic_2_fu_1565_p2                   |     +    |      0|  0|  15|           1|           5|
    |idx_1_fu_1660_p2                  |     +    |      0|  0|  15|           8|           8|
    |idx_fu_1162_p2                    |     +    |      0|  0|  15|           9|           9|
    |indvar_flatten_next1_fu_1348_p2   |     +    |      0|  0|  13|          11|           1|
    |indvar_flatten_next2_fu_1485_p2   |     +    |      0|  0|  12|          12|           1|
    |indvar_flatten_next3_fu_1559_p2   |     +    |      0|  0|  15|           7|           1|
    |indvar_flatten_next9_fu_994_p2    |     +    |      0|  0|  12|          12|           1|
    |indvar_flatten_next_fu_1068_p2    |     +    |      0|  0|  13|           4|           1|
    |k_1_fu_1147_p2                    |     +    |      0|  0|  12|           1|           3|
    |k_2_fu_1634_p2                    |     +    |      0|  0|  12|           1|           3|
    |n_1_fu_956_p2                     |     +    |      0|  0|  15|           8|           1|
    |n_2_fu_1438_p2                    |     +    |      0|  0|  15|           1|           7|
    |n_3_fu_1253_p2                    |     +    |      0|  0|  15|           1|           8|
    |n_4_fu_1868_p2                    |     +    |      0|  0|  15|           7|           1|
    |n_5_fu_1749_p2                    |     +    |      0|  0|  15|           1|           7|
    |oc_1_fu_1000_p2                   |     +    |      0|  0|  15|           5|           1|
    |oc_2_fu_1491_p2                   |     +    |      0|  0|  15|           6|           1|
    |product_V_1_fu_1276_p2            |     +    |      0|  0|  55|          48|          48|
    |product_V_3_fu_1772_p2            |     +    |      0|  0|  57|          50|          50|
    |sum_V_fu_1892_p2                  |     +    |      0|  0|  19|          14|          14|
    |sum_V_tr_fu_1898_p2               |     +    |      0|  0|  19|           6|          14|
    |tmp35_fu_1153_p2                  |     +    |      0|  0|  12|           3|           3|
    |tmp37_fu_1651_p2                  |     +    |      0|  0|  12|           3|           3|
    |tmp_16_fu_1468_p2                 |     +    |      0|  0|  12|          12|          12|
    |tmp_20_fu_1238_p2                 |     +    |      0|  0|  17|          13|          13|
    |tmp_29_fu_1106_p2                 |     +    |      0|  0|  71|          64|          64|
    |tmp_38_fu_1141_p2                 |     +    |      0|  0|  13|           9|           9|
    |tmp_44_fu_1734_p2                 |     +    |      0|  0|  17|          13|          13|
    |tmp_56_fu_1597_p2                 |     +    |      0|  0|  71|          64|          64|
    |tmp_60_fu_1618_p2                 |     +    |      0|  0|  13|          13|          13|
    |tmp_66_fu_1685_p2                 |     +    |      0|  0|  12|          12|          12|
    |tmp_67_fu_1628_p2                 |     +    |      0|  0|  13|          13|          13|
    |tmp_71_fu_1878_p2                 |     +    |      0|  0|  17|          13|          13|
    |tmp_72_fu_2165_p2                 |     +    |      0|  0|  15|           9|           9|
    |p_neg_fu_1912_p2                  |     -    |      0|  0|  19|           7|          14|
    |tmp_33_fu_1127_p2                 |     -    |      0|  0|  13|           9|           9|
    |tmp_53_fu_1938_p2                 |     -    |      0|  0|  15|           1|           8|
    |ap_block_state2                   |    and   |      0|  0|   2|           1|           1|
    |m_axis_V_data_V_1_load_A          |    and   |      0|  0|   2|           1|           1|
    |m_axis_V_data_V_1_load_B          |    and   |      0|  0|   2|           1|           1|
    |m_axis_V_last_V_1_load_A          |    and   |      0|  0|   2|           1|           1|
    |m_axis_V_last_V_1_load_B          |    and   |      0|  0|   2|           1|           1|
    |or_cond1_fu_1713_p2               |    and   |      0|  0|   2|           1|           1|
    |or_cond_fu_1217_p2                |    and   |      0|  0|   2|           1|           1|
    |s_axis_V_data_V_0_load_A          |    and   |      0|  0|   2|           1|           1|
    |s_axis_V_data_V_0_load_B          |    and   |      0|  0|   2|           1|           1|
    |exitcond1_fu_950_p2               |   icmp   |      0|  0|  13|           8|           9|
    |exitcond2_fu_1006_p2              |   icmp   |      0|  0|  13|           8|           9|
    |exitcond3_fu_1360_p2              |   icmp   |      0|  0|  11|           7|           8|
    |exitcond4_fu_1080_p2              |   icmp   |      0|  0|   9|           3|           2|
    |exitcond5_fu_2116_p2              |   icmp   |      0|  0|   9|           3|           3|
    |exitcond6_fu_1497_p2              |   icmp   |      0|  0|  11|           7|           8|
    |exitcond7_fu_1862_p2              |   icmp   |      0|  0|  11|           7|           8|
    |exitcond8_fu_1838_p2              |   icmp   |      0|  0|  11|           6|           7|
    |exitcond9_fu_1571_p2              |   icmp   |      0|  0|   9|           3|           3|
    |exitcond_flatten1_fu_988_p2       |   icmp   |      0|  0|  13|          12|          13|
    |exitcond_flatten2_fu_1342_p2      |   icmp   |      0|  0|  13|          11|          12|
    |exitcond_flatten3_fu_1479_p2      |   icmp   |      0|  0|  13|          12|          13|
    |exitcond_flatten4_fu_1553_p2      |   icmp   |      0|  0|  11|           7|           7|
    |exitcond_flatten_fu_1062_p2       |   icmp   |      0|  0|   9|           4|           3|
    |exitcond_fu_2149_p2               |   icmp   |      0|  0|  11|           6|           7|
    |icmp1_fu_1300_p2                  |   icmp   |      0|  0|  18|          17|           1|
    |icmp2_fu_1796_p2                  |   icmp   |      0|  0|  18|          19|           1|
    |icmp3_fu_1675_p2                  |   icmp   |      0|  0|   8|           2|           1|
    |icmp_fu_1181_p2                   |   icmp   |      0|  0|   8|           2|           1|
    |m_axis_V_data_V_1_state_cmp_full  |   icmp   |      0|  0|   8|           2|           1|
    |m_axis_V_last_V_1_state_cmp_full  |   icmp   |      0|  0|   8|           2|           1|
    |out_word_last_V_fu_2355_p2        |   icmp   |      0|  0|   9|           3|           3|
    |s_axis_V_data_V_0_state_cmp_full  |   icmp   |      0|  0|   8|           2|           1|
    |tmp_7_fu_1426_p2                  |   icmp   |      0|  0|  11|           8|           8|
    |ap_block_state33                  |    or    |      0|  0|   2|           1|           1|
    |tmp_28_fu_1324_p2                 |    or    |      0|  0|   2|           1|           1|
    |tmp_55_fu_1820_p2                 |    or    |      0|  0|   2|           1|           1|
    |tmp_s_fu_1407_p2                  |    or    |      0|  0|   7|           7|           1|
    |acc_V_1_fu_1228_p3                |  select  |      0|  0|  32|           1|          32|
    |acc_V_3_fu_1724_p3                |  select  |      0|  0|  32|           1|          32|
    |gap_0_V_fu_1944_p3                |  select  |      0|  0|   8|           1|           8|
    |input_V_load_phi_fu_1197_p3       |  select  |      0|  0|   8|           1|           8|
    |k2_mid2_fu_1577_p3                |  select  |      0|  0|   3|           1|           1|
    |k_mid2_fu_1086_p3                 |  select  |      0|  0|   3|           1|           1|
    |n2_mid2_fu_1012_p3                |  select  |      0|  0|   8|           1|           1|
    |n3_mid2_fu_1366_p3                |  select  |      0|  0|   7|           1|           1|
    |n4_mid2_fu_1503_p3                |  select  |      0|  0|   7|           1|           1|
    |p_tmp_1_cast_fu_1812_p3           |  select  |      0|  0|   7|           1|           1|
    |p_tmp_cast_fu_1316_p3             |  select  |      0|  0|   7|           1|           1|
    |this_assign_1_fu_1826_p3          |  select  |      0|  0|   8|           1|           8|
    |this_assign_fu_1330_p3            |  select  |      0|  0|   8|           1|           8|
    |tmp_10_fu_1432_p3                 |  select  |      0|  0|   7|           1|           7|
    |tmp_14_cast_cast_fu_1268_p3       |  select  |      0|  0|  25|           1|          25|
    |tmp_16_mid2_v_fu_1094_p3          |  select  |      0|  0|   2|           1|           2|
    |tmp_33_cast_cast_fu_1764_p3       |  select  |      0|  0|  25|           1|          25|
    |tmp_35_mid2_v_fu_1585_p3          |  select  |      0|  0|   5|           1|           5|
    |tmp_3_mid2_v_fu_1020_p3           |  select  |      0|  0|   5|           1|           5|
    |tmp_4_mid2_v_fu_1374_p3           |  select  |      0|  0|   5|           1|           5|
    |tmp_6_mid2_v_fu_1511_p3           |  select  |      0|  0|   6|           1|           6|
    |ap_enable_pp1                     |    xor   |      0|  0|   2|           1|           2|
    |ap_enable_pp2                     |    xor   |      0|  0|   2|           1|           2|
    |ap_enable_pp3                     |    xor   |      0|  0|   2|           1|           2|
    |ap_enable_pp4                     |    xor   |      0|  0|   2|           1|           2|
    |ap_enable_pp5                     |    xor   |      0|  0|   2|           1|           2|
    |ap_enable_reg_pp1_iter1           |    xor   |      0|  0|   2|           2|           1|
    |ap_enable_reg_pp3_iter1           |    xor   |      0|  0|   2|           2|           1|
    |ap_enable_reg_pp4_iter1           |    xor   |      0|  0|   2|           2|           1|
    |ap_enable_reg_pp5_iter1           |    xor   |      0|  0|   2|           2|           1|
    |rev1_fu_1707_p2                   |    xor   |      0|  0|   2|           1|           2|
    |rev_fu_1211_p2                    |    xor   |      0|  0|   2|           1|           2|
    +----------------------------------+----------+-------+---+----+------------+------------+
    |Total                             |          |      4|  0|1372|         738|         875|
    +----------------------------------+----------+-------+---+----+------------+------------+

    * Multiplexer: 
    +------------------------------------------+-----+-----------+-----+-----------+
    |                   Name                   | LUT | Input Size| Bits| Total Bits|
    +------------------------------------------+-----+-----------+-----+-----------+
    |acc21_1_reg_861                           |    9|          2|   32|         64|
    |acc_1_reg_752                             |    9|          2|   32|         64|
    |ap_NS_fsm                                 |  129|         28|    1|         28|
    |ap_enable_reg_pp1_iter1                   |    9|          2|    1|          2|
    |ap_enable_reg_pp1_iter3                   |    9|          2|    1|          2|
    |ap_enable_reg_pp2_iter2                   |    9|          2|    1|          2|
    |ap_enable_reg_pp3_iter1                   |    9|          2|    1|          2|
    |ap_enable_reg_pp3_iter3                   |    9|          2|    1|          2|
    |ap_enable_reg_pp4_iter1                   |   15|          3|    1|          3|
    |ap_enable_reg_pp5_iter1                   |    9|          2|    1|          2|
    |ap_enable_reg_pp5_iter2                   |    9|          2|    1|          2|
    |ap_phi_mux_c_phi_fu_788_p4                |    9|          2|    5|         10|
    |ap_phi_mux_ic2_phi_fu_854_p4              |    9|          2|    5|         10|
    |ap_phi_mux_ic_phi_fu_745_p4               |    9|          2|    2|          4|
    |ap_phi_mux_indvar_flatten1_phi_fu_777_p4  |    9|          2|   11|         22|
    |ap_phi_mux_n3_phi_fu_799_p4               |    9|          2|    7|         14|
    |c2_reg_882                                |    9|          2|    6|         12|
    |c3_reg_939                                |    9|          2|    6|         12|
    |c_reg_784                                 |    9|          2|    5|         10|
    |cls_reg_917                               |    9|          2|    3|          6|
    |conv1_V_address0                          |   15|          3|   11|         33|
    |conv1_V_address1                          |   15|          3|   11|         33|
    |conv2_V_address0                          |   15|          3|   11|         33|
    |ic2_reg_850                               |    9|          2|    5|         10|
    |ic_reg_741                                |    9|          2|    2|          4|
    |indvar_flatten1_reg_773                   |    9|          2|   11|         22|
    |indvar_flatten2_reg_806                   |    9|          2|   12|         24|
    |indvar_flatten3_reg_839                   |    9|          2|    7|         14|
    |indvar_flatten8_reg_697                   |    9|          2|   12|         24|
    |indvar_flatten_reg_730                    |    9|          2|    4|          8|
    |input_0_V_address0                        |   15|          3|    7|         21|
    |input_1_V_address0                        |   15|          3|    7|         21|
    |k2_reg_871                                |    9|          2|    3|          6|
    |k_reg_762                                 |    9|          2|    3|          6|
    |m_axis_TDATA_blk_n                        |    9|          2|    1|          2|
    |m_axis_V_data_V_1_data_out                |    9|          2|   32|         64|
    |m_axis_V_data_V_1_state                   |   15|          3|    2|          6|
    |m_axis_V_keep_V_1_state                   |   15|          3|    2|          6|
    |m_axis_V_last_V_1_data_out                |    9|          2|    1|          2|
    |m_axis_V_last_V_1_state                   |   15|          3|    2|          6|
    |m_axis_V_strb_V_1_state                   |   15|          3|    2|          6|
    |n2_reg_719                                |    9|          2|    8|         16|
    |n3_reg_795                                |    9|          2|    7|         14|
    |n4_reg_828                                |    9|          2|    7|         14|
    |n5_reg_906                                |    9|          2|    7|         14|
    |n_reg_686                                 |    9|          2|    8|         16|
    |oc2_reg_817                               |    9|          2|    6|         12|
    |oc_reg_708                                |    9|          2|    5|         10|
    |out_word_data_V_reg_929                   |    9|          2|   20|         40|
    |p_2_reg_894                               |    9|          2|   14|         28|
    |pool1_V_address0                          |   15|          3|   10|         30|
    |s_axis_TDATA_blk_n                        |    9|          2|    1|          2|
    |s_axis_V_data_V_0_data_out                |    9|          2|   16|         32|
    |s_axis_V_data_V_0_state                   |   15|          3|    2|          6|
    |s_axis_V_last_V_0_state                   |   15|          3|    2|          6|
    +------------------------------------------+-----+-----------+-----+-----------+
    |Total                                     |  693|        149|  384|        864|
    +------------------------------------------+-----+-----------+-----+-----------+

    * Register: 
    +------------------------------------------+----+----+-----+-----------+
    |                   Name                   | FF | LUT| Bits| Const Bits|
    +------------------------------------------+----+----+-----+-----------+
    |W1_V_load_reg_2508                        |   8|   0|    8|          0|
    |W2_V_load_reg_2890                        |   8|   0|    8|          0|
    |W3_V_load_reg_3004                        |   8|   0|    8|          0|
    |acc21_1_reg_861                           |  32|   0|   32|          0|
    |acc_1_reg_752                             |  32|   0|   32|          0|
    |ap_CS_fsm                                 |  27|   0|   27|          0|
    |ap_enable_reg_pp1_iter0                   |   1|   0|    1|          0|
    |ap_enable_reg_pp1_iter1                   |   1|   0|    1|          0|
    |ap_enable_reg_pp1_iter2                   |   1|   0|    1|          0|
    |ap_enable_reg_pp1_iter3                   |   1|   0|    1|          0|
    |ap_enable_reg_pp2_iter0                   |   1|   0|    1|          0|
    |ap_enable_reg_pp2_iter1                   |   1|   0|    1|          0|
    |ap_enable_reg_pp2_iter2                   |   1|   0|    1|          0|
    |ap_enable_reg_pp3_iter0                   |   1|   0|    1|          0|
    |ap_enable_reg_pp3_iter1                   |   1|   0|    1|          0|
    |ap_enable_reg_pp3_iter2                   |   1|   0|    1|          0|
    |ap_enable_reg_pp3_iter3                   |   1|   0|    1|          0|
    |ap_enable_reg_pp4_iter0                   |   1|   0|    1|          0|
    |ap_enable_reg_pp4_iter1                   |   1|   0|    1|          0|
    |ap_enable_reg_pp5_iter0                   |   1|   0|    1|          0|
    |ap_enable_reg_pp5_iter1                   |   1|   0|    1|          0|
    |ap_enable_reg_pp5_iter2                   |   1|   0|    1|          0|
    |c2_reg_882                                |   6|   0|    6|          0|
    |c3_reg_939                                |   6|   0|    6|          0|
    |c_2_reg_2925                              |   6|   0|    6|          0|
    |c_reg_784                                 |   5|   0|    5|          0|
    |cls_1_reg_2960                            |   3|   0|    3|          0|
    |cls_reg_917                               |   3|   0|    3|          0|
    |exitcond7_reg_2935                        |   1|   0|    1|          0|
    |exitcond_flatten2_reg_2539                |   1|   0|    1|          0|
    |exitcond_flatten2_reg_2539_pp2_iter1_reg  |   1|   0|    1|          0|
    |exitcond_flatten4_reg_2835                |   1|   0|    1|          0|
    |exitcond_flatten_reg_2444                 |   1|   0|    1|          0|
    |exitcond_reg_2980                         |   1|   0|    1|          0|
    |exitcond_reg_2980_pp5_iter1_reg           |   1|   0|    1|          0|
    |gap_31_V_10_fu_376                        |   8|   0|    8|          0|
    |gap_31_V_11_fu_380                        |   8|   0|    8|          0|
    |gap_31_V_12_fu_384                        |   8|   0|    8|          0|
    |gap_31_V_13_fu_388                        |   8|   0|    8|          0|
    |gap_31_V_14_fu_392                        |   8|   0|    8|          0|
    |gap_31_V_15_fu_396                        |   8|   0|    8|          0|
    |gap_31_V_16_fu_400                        |   8|   0|    8|          0|
    |gap_31_V_17_fu_404                        |   8|   0|    8|          0|
    |gap_31_V_18_fu_408                        |   8|   0|    8|          0|
    |gap_31_V_19_fu_412                        |   8|   0|    8|          0|
    |gap_31_V_1_fu_340                         |   8|   0|    8|          0|
    |gap_31_V_20_fu_416                        |   8|   0|    8|          0|
    |gap_31_V_21_fu_420                        |   8|   0|    8|          0|
    |gap_31_V_22_fu_424                        |   8|   0|    8|          0|
    |gap_31_V_23_fu_428                        |   8|   0|    8|          0|
    |gap_31_V_24_fu_432                        |   8|   0|    8|          0|
    |gap_31_V_25_fu_436                        |   8|   0|    8|          0|
    |gap_31_V_26_fu_440                        |   8|   0|    8|          0|
    |gap_31_V_27_fu_444                        |   8|   0|    8|          0|
    |gap_31_V_28_fu_448                        |   8|   0|    8|          0|
    |gap_31_V_29_fu_452                        |   8|   0|    8|          0|
    |gap_31_V_2_fu_344                         |   8|   0|    8|          0|
    |gap_31_V_30_fu_456                        |   8|   0|    8|          0|
    |gap_31_V_31_fu_460                        |   8|   0|    8|          0|
    |gap_31_V_3_fu_348                         |   8|   0|    8|          0|
    |gap_31_V_4_fu_352                         |   8|   0|    8|          0|
    |gap_31_V_5_fu_356                         |   8|   0|    8|          0|
    |gap_31_V_6_fu_360                         |   8|   0|    8|          0|
    |gap_31_V_7_fu_364                         |   8|   0|    8|          0|
    |gap_31_V_8_fu_368                         |   8|   0|    8|          0|
    |gap_31_V_9_fu_372                         |   8|   0|    8|          0|
    |gap_31_V_fu_336                           |   8|   0|    8|          0|
    |ic2_reg_850                               |   5|   0|    5|          0|
    |ic_reg_741                                |   2|   0|    2|          0|
    |icmp3_reg_2870                            |   1|   0|    1|          0|
    |icmp3_reg_2870_pp3_iter2_reg              |   1|   0|    1|          0|
    |icmp_reg_2483                             |   1|   0|    1|          0|
    |icmp_reg_2483_pp1_iter2_reg               |   1|   0|    1|          0|
    |idx_1_reg_2865                            |   8|   0|    8|          0|
    |idx_1_reg_2865_pp3_iter2_reg              |   8|   0|    8|          0|
    |idx_reg_2478                              |   9|   0|    9|          0|
    |idx_reg_2478_pp1_iter2_reg                |   9|   0|    9|          0|
    |indvar_flatten1_reg_773                   |  11|   0|   11|          0|
    |indvar_flatten2_reg_806                   |  12|   0|   12|          0|
    |indvar_flatten3_reg_839                   |   7|   0|    7|          0|
    |indvar_flatten8_reg_697                   |  12|   0|   12|          0|
    |indvar_flatten_next1_reg_2543             |  11|   0|   11|          0|
    |indvar_flatten_next2_reg_2599             |  12|   0|   12|          0|
    |indvar_flatten_next9_reg_2400             |  12|   0|   12|          0|
    |indvar_flatten_reg_730                    |   4|   0|    4|          0|
    |input_V_load_phi_reg_2503                 |   8|   0|    8|          0|
    |k2_mid2_reg_2844                          |   3|   0|    3|          0|
    |k2_reg_871                                |   3|   0|    3|          0|
    |k_mid2_reg_2453                           |   3|   0|    3|          0|
    |k_reg_762                                 |   3|   0|    3|          0|
    |m_axis_V_data_V_1_payload_A               |  32|   0|   32|          0|
    |m_axis_V_data_V_1_payload_B               |  32|   0|   32|          0|
    |m_axis_V_data_V_1_sel_rd                  |   1|   0|    1|          0|
    |m_axis_V_data_V_1_sel_wr                  |   1|   0|    1|          0|
    |m_axis_V_data_V_1_state                   |   2|   0|    2|          0|
    |m_axis_V_keep_V_1_sel_rd                  |   1|   0|    1|          0|
    |m_axis_V_keep_V_1_state                   |   2|   0|    2|          0|
    |m_axis_V_last_V_1_payload_A               |   1|   0|    1|          0|
    |m_axis_V_last_V_1_payload_B               |   1|   0|    1|          0|
    |m_axis_V_last_V_1_sel_rd                  |   1|   0|    1|          0|
    |m_axis_V_last_V_1_sel_wr                  |   1|   0|    1|          0|
    |m_axis_V_last_V_1_state                   |   2|   0|    2|          0|
    |m_axis_V_strb_V_1_sel_rd                  |   1|   0|    1|          0|
    |m_axis_V_strb_V_1_state                   |   2|   0|    2|          0|
    |n2_cast_reg_2439                          |   8|   0|    9|          1|
    |n2_mid2_reg_2405                          |   8|   0|    8|          0|
    |n2_reg_719                                |   8|   0|    8|          0|
    |n3_mid2_reg_2548                          |   7|   0|    7|          0|
    |n3_mid2_reg_2548_pp2_iter1_reg            |   7|   0|    7|          0|
    |n3_reg_795                                |   7|   0|    7|          0|
    |n4_cast_reg_2830                          |   7|   0|    8|          1|
    |n4_mid2_reg_2604                          |   7|   0|    7|          0|
    |n4_reg_828                                |   7|   0|    7|          0|
    |n5_reg_906                                |   7|   0|    7|          0|
    |n_2_reg_2586                              |   7|   0|    7|          0|
    |n_3_reg_2529                              |   8|   0|    8|          0|
    |n_5_reg_2911                              |   7|   0|    7|          0|
    |n_reg_686                                 |   8|   0|    8|          0|
    |oc2_reg_817                               |   6|   0|    6|          0|
    |oc_reg_708                                |   5|   0|    5|          0|
    |out_word_data_V_reg_929                   |  20|   0|   20|          0|
    |p_2_reg_894                               |  14|   0|   14|          0|
    |pool1_V_load_reg_2885                     |   8|   0|    8|          0|
    |product_V_2_reg_2905                      |  51|   0|   51|          0|
    |product_V_reg_2523                        |  49|   0|   49|          0|
    |s_axis_V_data_V_0_payload_A               |  16|   0|   16|          0|
    |s_axis_V_data_V_0_payload_B               |  16|   0|   16|          0|
    |s_axis_V_data_V_0_sel_rd                  |   1|   0|    1|          0|
    |s_axis_V_data_V_0_sel_wr                  |   1|   0|    1|          0|
    |s_axis_V_data_V_0_state                   |   2|   0|    2|          0|
    |s_axis_V_last_V_0_state                   |   2|   0|    2|          0|
    |this_assign_1_reg_2916                    |   8|   0|    8|          0|
    |this_assign_reg_2534                      |   8|   0|    8|          0|
    |tmp_10_reg_2581                           |   7|   0|    7|          0|
    |tmp_11_reg_2561                           |   6|   0|    7|          1|
    |tmp_12_cast_reg_2429                      |   5|   0|   13|          8|
    |tmp_16_mid2_v_reg_2458                    |   2|   0|    2|          0|
    |tmp_20_reg_2518                           |  13|   0|   13|          0|
    |tmp_34_reg_2463                           |   1|   0|    1|          0|
    |tmp_34_reg_2463_pp1_iter1_reg             |   1|   0|    1|          0|
    |tmp_35_mid2_v_reg_2849                    |   5|   0|    5|          0|
    |tmp_38_reg_2468                           |   9|   0|    9|          0|
    |tmp_3_mid2_v_reg_2412                     |   5|   0|    5|          0|
    |tmp_41_reg_2815                           |   6|   0|   64|         58|
    |tmp_44_reg_2900                           |  13|   0|   13|          0|
    |tmp_4_mid2_v_reg_2554                     |   5|   0|    5|          0|
    |tmp_4_mid2_v_reg_2554_pp2_iter1_reg       |   5|   0|    5|          0|
    |tmp_4_reg_2424                            |   5|   0|   64|         59|
    |tmp_62_reg_2999                           |   8|   0|    8|          0|
    |tmp_67_reg_2855                           |  13|   0|   13|          0|
    |tmp_69_cast_reg_2820                      |   6|   0|   13|          7|
    |tmp_6_mid2_v_reg_2611                     |   6|   0|    6|          0|
    |tmp_71_cast_reg_2930                      |   6|   0|   13|          7|
    |tmp_73_reg_2994                           |   5|   0|    5|          0|
    |tmp_81_cast_reg_2970                      |   3|   0|    9|          6|
    |tmp_s_reg_2571                            |   6|   0|    7|          1|
    |exitcond_flatten4_reg_2835                |  64|  32|    1|          0|
    |exitcond_flatten_reg_2444                 |  64|  32|    1|          0|
    +------------------------------------------+----+----+-----+-----------+
    |Total                                     |1228|  64| 1251|        149|
    +------------------------------------------+----+----+-----+-----------+



================================================================
== Interface
================================================================
* Summary: 
+---------------+-----+-----+--------------+-----------------+--------------+
|   RTL Ports   | Dir | Bits|   Protocol   |  Source Object  |    C Type    |
+---------------+-----+-----+--------------+-----------------+--------------+
|ap_clk         |  in |    1| ap_ctrl_none |    amc_accel    | return value |
|ap_rst_n       |  in |    1| ap_ctrl_none |    amc_accel    | return value |
|s_axis_TDATA   |  in |   16|     axis     | s_axis_V_data_V |    pointer   |
|s_axis_TVALID  |  in |    1|     axis     | s_axis_V_last_V |    pointer   |
|s_axis_TREADY  | out |    1|     axis     | s_axis_V_last_V |    pointer   |
|s_axis_TLAST   |  in |    1|     axis     | s_axis_V_last_V |    pointer   |
|s_axis_TKEEP   |  in |    2|     axis     | s_axis_V_keep_V |    pointer   |
|s_axis_TSTRB   |  in |    2|     axis     | s_axis_V_strb_V |    pointer   |
|m_axis_TDATA   | out |   32|     axis     | m_axis_V_data_V |    pointer   |
|m_axis_TREADY  |  in |    1|     axis     | m_axis_V_data_V |    pointer   |
|m_axis_TVALID  | out |    1|     axis     | m_axis_V_last_V |    pointer   |
|m_axis_TLAST   | out |    1|     axis     | m_axis_V_last_V |    pointer   |
|m_axis_TKEEP   | out |    4|     axis     | m_axis_V_keep_V |    pointer   |
|m_axis_TSTRB   | out |    4|     axis     | m_axis_V_strb_V |    pointer   |
+---------------+-----+-----+--------------+-----------------+--------------+

